> #Lets display a better version of the results
> cleanoutput <- cbind(testdata,(testdata^3) - (2 * testdata),
+                      as.data.frame(net.results$net.result))
> colnames(cleanoutput) <- c("Input","Expected Output","Neural Net Output")
> print(cleanoutput)
    Input Expected Output Neural Net Output
1     1.0          -1.000       15.25408936
2     1.5           0.375       15.25408936
3     2.0           4.000       15.25408936
4     2.5          10.625       15.25408936
5     3.0          21.000       15.25408936
6     3.5          35.875       15.25408936
7     4.0          56.000       15.25408936
8     4.5          82.125       15.25408936
9     5.0         115.000       15.25408936
10    5.5         155.375       15.25408936
11    6.0         204.000       15.25408936
12    6.5         261.625       15.25408936
13    7.0         329.000       15.25408942
14    7.5         406.875       15.25409811
15    8.0         496.000       15.25423108
16    8.5         597.125       15.25527662
17    9.0         711.000       15.28163241
18    9.5         838.375       17.62973298
19   10.0         980.000      151.32967269
20   10.5        1136.625      966.80063017
21   11.0        1309.000     1564.39997147
22   11.5        1497.875     1791.09326104
23   12.0        1704.000     1910.53720702
24   12.5        1928.125     2007.12814996
25   13.0        2171.000     2109.83714855
26   13.5        2433.375     2240.76870018
27   14.0        2716.000     2440.47583112
28   14.5        3019.625     2797.37228653
29   15.0        3345.000     3463.40188040
30   15.5        3692.875     4502.41812210
31   16.0        4064.000     5527.38746853
32   16.5        4459.125     6075.04822726
33   17.0        4879.000     6247.19055136
34   17.5        5324.375     6284.95243788
35   18.0        5796.000     6291.39077626
36   18.5        6294.625     6292.29067479
37   19.0        6821.000     6292.39822673
38   19.5        7375.875     6292.40976804
39   20.0        7960.000     6292.41094529
40   20.5        8574.125     6292.41106658
41   21.0        9219.000     6292.41107996
42   21.5        9895.375     6292.41108162
43   22.0       10604.000     6292.41108187
44   22.5       11345.625     6292.41108191
45   23.0       12121.000     6292.41108192
46   23.5       12930.875     6292.41108192
47   24.0       13776.000     6292.41108192
48   24.5       14657.125     6292.41108192
49   25.0       15575.000     6292.41108192
50   25.5       16530.375     6292.41108192
51   26.0       17524.000     6292.41108192
52   26.5       18556.625     6292.41108192
53   27.0       19629.000     6292.41108192
54   27.5       20741.875     6292.41108192
55   28.0       21896.000     6292.41108192
56   28.5       23092.125     6292.41108192
57   29.0       24331.000     6292.41108192
58   29.5       25613.375     6292.41108192
59   30.0       26940.000     6292.41108192
60   30.5       28311.625     6292.41108192
61   31.0       29729.000     6292.41108192
62   31.5       31192.875     6292.41108192
63   32.0       32704.000     6292.41108192
64   32.5       34263.125     6292.41108192
65   33.0       35871.000     6292.41108192
66   33.5       37528.375     6292.41108192
67   34.0       39236.000     6292.41108192
68   34.5       40994.625     6292.41108192
69   35.0       42805.000     6292.41108192
70   35.5       44667.875     6292.41108192
71   36.0       46584.000     6292.41108192
72   36.5       48554.125     6292.41108192
73   37.0       50579.000     6292.41108192
74   37.5       52659.375     6292.41108192
75   38.0       54796.000     6292.41108192
76   38.5       56989.625     6292.41108192
77   39.0       59241.000     6292.41108192
78   39.5       61550.875     6292.41108192
79   40.0       63920.000     6292.41108192
80   40.5       66349.125     6292.41108192
81   41.0       68839.000     6292.41108192
82   41.5       71390.375     6292.41108192
83   42.0       74004.000     6292.41108192
84   42.5       76680.625     6292.41108192
85   43.0       79421.000     6292.41108192
86   43.5       82225.875     6292.41108192
87   44.0       85096.000     6292.41108192
88   44.5       88032.125     6292.41108192
89   45.0       91035.000     6292.41108192
90   45.5       94105.375     6292.41108192
91   46.0       97244.000     6292.41108192
92   46.5      100451.625     6292.41108192
93   47.0      103729.000     6292.41108192
94   47.5      107076.875     6292.41108192
95   48.0      110496.000     6292.41108192
96   48.5      113987.125     6292.41108192
97   49.0      117551.000     6292.41108192
98   49.5      121188.375     6292.41108192
99   50.0      124900.000     6292.41108192
100  50.5      128686.625     6292.41108192
101  51.0      132549.000     6292.41108192
102  51.5      136487.875     6292.41108192
103  52.0      140504.000     6292.41108192
104  52.5      144598.125     6292.41108192
105  53.0      148771.000     6292.41108192
106  53.5      153023.375     6292.41108192
107  54.0      157356.000     6292.41108192
108  54.5      161769.625     6292.41108192
109  55.0      166265.000     6292.41108192
110  55.5      170842.875     6292.41108192
111  56.0      175504.000     6292.41108192
112  56.5      180249.125     6292.41108192
113  57.0      185079.000     6292.41108192
114  57.5      189994.375     6292.41108192
115  58.0      194996.000     6292.41108192
116  58.5      200084.625     6292.41108192
117  59.0      205261.000     6292.41108192
118  59.5      210525.875     6292.41108192
119  60.0      215880.000     6292.41108192
120  60.5      221324.125     6292.41108192
121  61.0      226859.000     6292.41108192
122  61.5      232485.375     6292.41108192
123  62.0      238204.000     6292.41108192
124  62.5      244015.625     6292.41108192
125  63.0      249921.000     6292.41108192
126  63.5      255920.875     6292.41108192
127  64.0      262016.000     6292.41108192
128  64.5      268207.125     6292.41108192
129  65.0      274495.000     6292.41108192
130  65.5      280880.375     6292.41108192
131  66.0      287364.000     6292.41108192
132  66.5      293946.625     6292.41108192
133  67.0      300629.000     6292.41108192
134  67.5      307411.875     6292.41108192
135  68.0      314296.000     6292.41108192
136  68.5      321282.125     6292.41108192
137  69.0      328371.000     6292.41108192
138  69.5      335563.375     6292.41108192
139  70.0      342860.000     6292.41108192
140  70.5      350261.625     6292.41108192
141  71.0      357769.000     6292.41108192
142  71.5      365382.875     6292.41108192
143  72.0      373104.000     6292.41108192
144  72.5      380933.125     6292.41108192
145  73.0      388871.000     6292.41108192
146  73.5      396918.375     6292.41108192
147  74.0      405076.000     6292.41108192
148  74.5      413344.625     6292.41108192
149  75.0      421725.000     6292.41108192
150  75.5      430217.875     6292.41108192
151  76.0      438824.000     6292.41108192
152  76.5      447544.125     6292.41108192
> library("neuralnet")
> 
> 
> #Type ?neuralnet for more information on the neuralnet library
> 
> #Generate 5 random numbers uniformly distributed between 0 and 30 (for very good results in such a range)
> #And store them as a dataframe
> traininginput <- as.data.frame(runif(5, min=0, max=30))
> trainingoutput <- (traininginput^3) - (2 * traininginput)
> 
> #Column bind the data into one variable
> trainingdata <- cbind(traininginput,trainingoutput)
> colnames(trainingdata) <- c("Input","Output")
> 
> #Train the neural network
> #Going to have C(5, 3) hidden layers
> #Threshold is a numeric value specifying the threshold for the partial
> #derivatives of the error function as stopping criteria.
> net.myfunction <- neuralnet(Output~Input, trainingdata, hidden=c(5, 3), threshold=0.01)
> print(net.myfunction)
$call
neuralnet(formula = Output ~ Input, data = trainingdata, hidden = c(5, 
    3), threshold = 0.01)

$response
         Output
1  6793.6556231
2  5065.0275911
3 19721.0288120
4   187.2606244
5  3644.9923834

$covariate
             [,1]
[1,] 18.974670740
[2,] 17.212390085
[3,] 27.042052858
[4,]  5.837645691
[5,] 15.433091498

$model.list
$model.list$response
[1] "Output"

$model.list$variables
[1] "Input"


$err.fct
function (x, y) 
{
    1/2 * (y - x)^2
}
<bytecode: 0x00000000177dc958>
<environment: 0x000000001799a3f8>
attr(,"type")
[1] "sse"

$act.fct
function (x) 
{
    1/(1 + exp(-x))
}
<bytecode: 0x0000000014520b30>
<environment: 0x000000001799a3f8>
attr(,"type")
[1] "logistic"

$linear.output
[1] TRUE

$data
         Input        Output
1 18.974670740  6793.6556231
2 17.212390085  5065.0275911
3 27.042052858 19721.0288120
4  5.837645691   187.2606244
5 15.433091498  3644.9923834

$net.result
$net.result[[1]]
         [,1]
1 7082.391337
2 7082.391337
3 7082.391337
4 7082.391337
5 7082.391337


$weights
$weights[[1]]
$weights[[1]][[1]]
            [,1]        [,2]        [,3]        [,4]        [,5]
[1,] 3.271965714 4.725201586 5.348928844 3.311669390 2.792136297
[2,] 5.811877086 5.510090334 5.447742286 5.285583269 3.098837489

$weights[[1]][[2]]
            [,1]        [,2]        [,3]
[1,] 5.566359025 7.153236625 6.240612130
[2,] 5.559070992 5.198686483 7.686904913
[3,] 5.609222540 5.951862737 6.095002586
[4,] 8.159625362 6.598934146 6.966989678
[5,] 6.396220081 5.333028852 5.461210819
[6,] 5.498082430 6.705919698 4.352717835

$weights[[1]][[3]]
            [,1]
[1,] 1770.073174
[2,] 1770.402626
[3,] 1771.482231
[4,] 1770.433306



$startweights
$startweights[[1]]
$startweights[[1]][[1]]
              [,1]          [,2]          [,3]          [,4]          [,5]
[1,] -0.1964342857 -0.3747984136 -0.3510711557 -1.3567306100 -1.0078637034
[2,]  2.3434770862  0.4100903340 -0.2522577139  0.6171832694 -0.7011625112

$startweights[[1]][[2]]
              [,1]          [,2]          [,3]
[1,] -0.7020409748  1.3532366254 -0.4277878698
[2,] -0.7093290085 -0.6013135172  1.0185049126
[3,] -0.6591774601  0.1518627371 -0.5733974141
[4,]  1.8912253622  0.7989341458  0.2985896780
[5,]  0.1278200810 -0.4669711478 -1.2071891815
[6,] -0.7703175698  0.9059196984 -2.3156821651

$startweights[[1]][[3]]
              [,1]
[1,] -0.6918261454
[2,] -0.3623736975
[3,]  0.7172310451
[4,] -0.3316940385



$generalized.weights
$generalized.weights[[1]]
  [,1]
1    0
2    0
3    0
4    0
5    0


$result.matrix
                                          1
error                 111623410.56581212580
reached.threshold             0.00834820524
steps                     17716.00000000000
Intercept.to.1layhid1         3.27196571431
Input.to.1layhid1             5.81187708624
Intercept.to.1layhid2         4.72520158642
Input.to.1layhid2             5.51009033399
Intercept.to.1layhid3         5.34892884433
Input.to.1layhid3             5.44774228609
Intercept.to.1layhid4         3.31166938997
Input.to.1layhid4             5.28558326937
Intercept.to.1layhid5         2.79213629657
Input.to.1layhid5             3.09883748879
Intercept.to.2layhid1         5.56635902522
1layhid.1.to.2layhid1         5.55907099153
1layhid.2.to.2layhid1         5.60922253994
1layhid.3.to.2layhid1         8.15962536216
1layhid.4.to.2layhid1         6.39622008103
1layhid.5.to.2layhid1         5.49808243017
Intercept.to.2layhid2         7.15323662536
1layhid.1.to.2layhid2         5.19868648275
1layhid.2.to.2layhid2         5.95186273706
1layhid.3.to.2layhid2         6.59893414583
1layhid.4.to.2layhid2         5.33302885222
1layhid.5.to.2layhid2         6.70591969836
Intercept.to.2layhid3         6.24061213017
1layhid.1.to.2layhid3         7.68690491265
1layhid.2.to.2layhid3         6.09500258586
1layhid.3.to.2layhid3         6.96698967796
1layhid.4.to.2layhid3         5.46121081852
1layhid.5.to.2layhid3         4.35271783486
Intercept.to.Output        1770.07317385408
2layhid.1.to.Output        1770.40262630196
2layhid.2.to.Output        1771.48223104459
2layhid.3.to.Output        1770.43330596098

attr(,"class")
[1] "nn"
> 
> #Plot the neural network
> plot(net.myfunction)
> 
> #Test the neural network on some training data
> testdata <- as.data.frame((2:250)*0.5) #Generate some numbers between 1 and 100
> net.results <- compute(net.myfunction, testdata) #Run them through the neural network
> 
> #Lets see what properties net.myfunction has
> ls(net.results)
[1] "net.result" "neurons"   
> 
> #Lets see the results
> print(net.results$net.result)
              [,1]
  [1,] 7082.391337
  [2,] 7082.391337
  [3,] 7082.391337
  [4,] 7082.391337
  [5,] 7082.391337
  [6,] 7082.391337
  [7,] 7082.391337
  [8,] 7082.391337
  [9,] 7082.391337
 [10,] 7082.391337
 [11,] 7082.391337
 [12,] 7082.391337
 [13,] 7082.391337
 [14,] 7082.391337
 [15,] 7082.391337
 [16,] 7082.391337
 [17,] 7082.391337
 [18,] 7082.391337
 [19,] 7082.391337
 [20,] 7082.391337
 [21,] 7082.391337
 [22,] 7082.391337
 [23,] 7082.391337
 [24,] 7082.391337
 [25,] 7082.391337
 [26,] 7082.391337
 [27,] 7082.391337
 [28,] 7082.391337
 [29,] 7082.391337
 [30,] 7082.391337
 [31,] 7082.391337
 [32,] 7082.391337
 [33,] 7082.391337
 [34,] 7082.391337
 [35,] 7082.391337
 [36,] 7082.391337
 [37,] 7082.391337
 [38,] 7082.391337
 [39,] 7082.391337
 [40,] 7082.391337
 [41,] 7082.391337
 [42,] 7082.391337
 [43,] 7082.391337
 [44,] 7082.391337
 [45,] 7082.391337
 [46,] 7082.391337
 [47,] 7082.391337
 [48,] 7082.391337
 [49,] 7082.391337
 [50,] 7082.391337
 [51,] 7082.391337
 [52,] 7082.391337
 [53,] 7082.391337
 [54,] 7082.391337
 [55,] 7082.391337
 [56,] 7082.391337
 [57,] 7082.391337
 [58,] 7082.391337
 [59,] 7082.391337
 [60,] 7082.391337
 [61,] 7082.391337
 [62,] 7082.391337
 [63,] 7082.391337
 [64,] 7082.391337
 [65,] 7082.391337
 [66,] 7082.391337
 [67,] 7082.391337
 [68,] 7082.391337
 [69,] 7082.391337
 [70,] 7082.391337
 [71,] 7082.391337
 [72,] 7082.391337
 [73,] 7082.391337
 [74,] 7082.391337
 [75,] 7082.391337
 [76,] 7082.391337
 [77,] 7082.391337
 [78,] 7082.391337
 [79,] 7082.391337
 [80,] 7082.391337
 [81,] 7082.391337
 [82,] 7082.391337
 [83,] 7082.391337
 [84,] 7082.391337
 [85,] 7082.391337
 [86,] 7082.391337
 [87,] 7082.391337
 [88,] 7082.391337
 [89,] 7082.391337
 [90,] 7082.391337
 [91,] 7082.391337
 [92,] 7082.391337
 [93,] 7082.391337
 [94,] 7082.391337
 [95,] 7082.391337
 [96,] 7082.391337
 [97,] 7082.391337
 [98,] 7082.391337
 [99,] 7082.391337
[100,] 7082.391337
[101,] 7082.391337
[102,] 7082.391337
[103,] 7082.391337
[104,] 7082.391337
[105,] 7082.391337
[106,] 7082.391337
[107,] 7082.391337
[108,] 7082.391337
[109,] 7082.391337
[110,] 7082.391337
[111,] 7082.391337
[112,] 7082.391337
[113,] 7082.391337
[114,] 7082.391337
[115,] 7082.391337
[116,] 7082.391337
[117,] 7082.391337
[118,] 7082.391337
[119,] 7082.391337
[120,] 7082.391337
[121,] 7082.391337
[122,] 7082.391337
[123,] 7082.391337
[124,] 7082.391337
[125,] 7082.391337
[126,] 7082.391337
[127,] 7082.391337
[128,] 7082.391337
[129,] 7082.391337
[130,] 7082.391337
[131,] 7082.391337
[132,] 7082.391337
[133,] 7082.391337
[134,] 7082.391337
[135,] 7082.391337
[136,] 7082.391337
[137,] 7082.391337
[138,] 7082.391337
[139,] 7082.391337
[140,] 7082.391337
[141,] 7082.391337
[142,] 7082.391337
[143,] 7082.391337
[144,] 7082.391337
[145,] 7082.391337
[146,] 7082.391337
[147,] 7082.391337
[148,] 7082.391337
[149,] 7082.391337
[150,] 7082.391337
[151,] 7082.391337
[152,] 7082.391337
[153,] 7082.391337
[154,] 7082.391337
[155,] 7082.391337
[156,] 7082.391337
[157,] 7082.391337
[158,] 7082.391337
[159,] 7082.391337
[160,] 7082.391337
[161,] 7082.391337
[162,] 7082.391337
[163,] 7082.391337
[164,] 7082.391337
[165,] 7082.391337
[166,] 7082.391337
[167,] 7082.391337
[168,] 7082.391337
[169,] 7082.391337
[170,] 7082.391337
[171,] 7082.391337
[172,] 7082.391337
[173,] 7082.391337
[174,] 7082.391337
[175,] 7082.391337
[176,] 7082.391337
[177,] 7082.391337
[178,] 7082.391337
[179,] 7082.391337
[180,] 7082.391337
[181,] 7082.391337
[182,] 7082.391337
[183,] 7082.391337
[184,] 7082.391337
[185,] 7082.391337
[186,] 7082.391337
[187,] 7082.391337
[188,] 7082.391337
[189,] 7082.391337
[190,] 7082.391337
[191,] 7082.391337
[192,] 7082.391337
[193,] 7082.391337
[194,] 7082.391337
[195,] 7082.391337
[196,] 7082.391337
[197,] 7082.391337
[198,] 7082.391337
[199,] 7082.391337
[200,] 7082.391337
[201,] 7082.391337
[202,] 7082.391337
[203,] 7082.391337
[204,] 7082.391337
[205,] 7082.391337
[206,] 7082.391337
[207,] 7082.391337
[208,] 7082.391337
[209,] 7082.391337
[210,] 7082.391337
[211,] 7082.391337
[212,] 7082.391337
[213,] 7082.391337
[214,] 7082.391337
[215,] 7082.391337
[216,] 7082.391337
[217,] 7082.391337
[218,] 7082.391337
[219,] 7082.391337
[220,] 7082.391337
[221,] 7082.391337
[222,] 7082.391337
[223,] 7082.391337
[224,] 7082.391337
[225,] 7082.391337
[226,] 7082.391337
[227,] 7082.391337
[228,] 7082.391337
[229,] 7082.391337
[230,] 7082.391337
[231,] 7082.391337
[232,] 7082.391337
[233,] 7082.391337
[234,] 7082.391337
[235,] 7082.391337
[236,] 7082.391337
[237,] 7082.391337
[238,] 7082.391337
[239,] 7082.391337
[240,] 7082.391337
[241,] 7082.391337
[242,] 7082.391337
[243,] 7082.391337
[244,] 7082.391337
[245,] 7082.391337
[246,] 7082.391337
[247,] 7082.391337
[248,] 7082.391337
[249,] 7082.391337
> 
> #Lets display a better version of the results
> cleanoutput <- cbind(testdata,(testdata^3) - (2 * testdata),
+                      as.data.frame(net.results$net.result))
> colnames(cleanoutput) <- c("Input","Expected Output","Neural Net Output")
> print(cleanoutput)
    Input Expected Output Neural Net Output
1     1.0          -1.000       7082.391337
2     1.5           0.375       7082.391337
3     2.0           4.000       7082.391337
4     2.5          10.625       7082.391337
5     3.0          21.000       7082.391337
6     3.5          35.875       7082.391337
7     4.0          56.000       7082.391337
8     4.5          82.125       7082.391337
9     5.0         115.000       7082.391337
10    5.5         155.375       7082.391337
11    6.0         204.000       7082.391337
12    6.5         261.625       7082.391337
13    7.0         329.000       7082.391337
14    7.5         406.875       7082.391337
15    8.0         496.000       7082.391337
16    8.5         597.125       7082.391337
17    9.0         711.000       7082.391337
18    9.5         838.375       7082.391337
19   10.0         980.000       7082.391337
20   10.5        1136.625       7082.391337
21   11.0        1309.000       7082.391337
22   11.5        1497.875       7082.391337
23   12.0        1704.000       7082.391337
24   12.5        1928.125       7082.391337
25   13.0        2171.000       7082.391337
26   13.5        2433.375       7082.391337
27   14.0        2716.000       7082.391337
28   14.5        3019.625       7082.391337
29   15.0        3345.000       7082.391337
30   15.5        3692.875       7082.391337
31   16.0        4064.000       7082.391337
32   16.5        4459.125       7082.391337
33   17.0        4879.000       7082.391337
34   17.5        5324.375       7082.391337
35   18.0        5796.000       7082.391337
36   18.5        6294.625       7082.391337
37   19.0        6821.000       7082.391337
38   19.5        7375.875       7082.391337
39   20.0        7960.000       7082.391337
40   20.5        8574.125       7082.391337
41   21.0        9219.000       7082.391337
42   21.5        9895.375       7082.391337
43   22.0       10604.000       7082.391337
44   22.5       11345.625       7082.391337
45   23.0       12121.000       7082.391337
46   23.5       12930.875       7082.391337
47   24.0       13776.000       7082.391337
48   24.5       14657.125       7082.391337
49   25.0       15575.000       7082.391337
50   25.5       16530.375       7082.391337
51   26.0       17524.000       7082.391337
52   26.5       18556.625       7082.391337
53   27.0       19629.000       7082.391337
54   27.5       20741.875       7082.391337
55   28.0       21896.000       7082.391337
56   28.5       23092.125       7082.391337
57   29.0       24331.000       7082.391337
58   29.5       25613.375       7082.391337
59   30.0       26940.000       7082.391337
60   30.5       28311.625       7082.391337
61   31.0       29729.000       7082.391337
62   31.5       31192.875       7082.391337
63   32.0       32704.000       7082.391337
64   32.5       34263.125       7082.391337
65   33.0       35871.000       7082.391337
66   33.5       37528.375       7082.391337
67   34.0       39236.000       7082.391337
68   34.5       40994.625       7082.391337
69   35.0       42805.000       7082.391337
70   35.5       44667.875       7082.391337
71   36.0       46584.000       7082.391337
72   36.5       48554.125       7082.391337
73   37.0       50579.000       7082.391337
74   37.5       52659.375       7082.391337
75   38.0       54796.000       7082.391337
76   38.5       56989.625       7082.391337
77   39.0       59241.000       7082.391337
78   39.5       61550.875       7082.391337
79   40.0       63920.000       7082.391337
80   40.5       66349.125       7082.391337
81   41.0       68839.000       7082.391337
82   41.5       71390.375       7082.391337
83   42.0       74004.000       7082.391337
84   42.5       76680.625       7082.391337
85   43.0       79421.000       7082.391337
86   43.5       82225.875       7082.391337
87   44.0       85096.000       7082.391337
88   44.5       88032.125       7082.391337
89   45.0       91035.000       7082.391337
90   45.5       94105.375       7082.391337
91   46.0       97244.000       7082.391337
92   46.5      100451.625       7082.391337
93   47.0      103729.000       7082.391337
94   47.5      107076.875       7082.391337
95   48.0      110496.000       7082.391337
96   48.5      113987.125       7082.391337
97   49.0      117551.000       7082.391337
98   49.5      121188.375       7082.391337
99   50.0      124900.000       7082.391337
100  50.5      128686.625       7082.391337
101  51.0      132549.000       7082.391337
102  51.5      136487.875       7082.391337
103  52.0      140504.000       7082.391337
104  52.5      144598.125       7082.391337
105  53.0      148771.000       7082.391337
106  53.5      153023.375       7082.391337
107  54.0      157356.000       7082.391337
108  54.5      161769.625       7082.391337
109  55.0      166265.000       7082.391337
110  55.5      170842.875       7082.391337
111  56.0      175504.000       7082.391337
112  56.5      180249.125       7082.391337
113  57.0      185079.000       7082.391337
114  57.5      189994.375       7082.391337
115  58.0      194996.000       7082.391337
116  58.5      200084.625       7082.391337
117  59.0      205261.000       7082.391337
118  59.5      210525.875       7082.391337
119  60.0      215880.000       7082.391337
120  60.5      221324.125       7082.391337
121  61.0      226859.000       7082.391337
122  61.5      232485.375       7082.391337
123  62.0      238204.000       7082.391337
124  62.5      244015.625       7082.391337
125  63.0      249921.000       7082.391337
126  63.5      255920.875       7082.391337
127  64.0      262016.000       7082.391337
128  64.5      268207.125       7082.391337
129  65.0      274495.000       7082.391337
130  65.5      280880.375       7082.391337
131  66.0      287364.000       7082.391337
132  66.5      293946.625       7082.391337
133  67.0      300629.000       7082.391337
134  67.5      307411.875       7082.391337
135  68.0      314296.000       7082.391337
136  68.5      321282.125       7082.391337
137  69.0      328371.000       7082.391337
138  69.5      335563.375       7082.391337
139  70.0      342860.000       7082.391337
140  70.5      350261.625       7082.391337
141  71.0      357769.000       7082.391337
142  71.5      365382.875       7082.391337
143  72.0      373104.000       7082.391337
144  72.5      380933.125       7082.391337
145  73.0      388871.000       7082.391337
146  73.5      396918.375       7082.391337
147  74.0      405076.000       7082.391337
148  74.5      413344.625       7082.391337
149  75.0      421725.000       7082.391337
150  75.5      430217.875       7082.391337
151  76.0      438824.000       7082.391337
152  76.5      447544.125       7082.391337
153  77.0      456379.000       7082.391337
154  77.5      465329.375       7082.391337
155  78.0      474396.000       7082.391337
156  78.5      483579.625       7082.391337
157  79.0      492881.000       7082.391337
158  79.5      502300.875       7082.391337
159  80.0      511840.000       7082.391337
160  80.5      521499.125       7082.391337
161  81.0      531279.000       7082.391337
162  81.5      541180.375       7082.391337
163  82.0      551204.000       7082.391337
164  82.5      561350.625       7082.391337
165  83.0      571621.000       7082.391337
166  83.5      582015.875       7082.391337
167  84.0      592536.000       7082.391337
168  84.5      603182.125       7082.391337
169  85.0      613955.000       7082.391337
170  85.5      624855.375       7082.391337
171  86.0      635884.000       7082.391337
172  86.5      647041.625       7082.391337
173  87.0      658329.000       7082.391337
174  87.5      669746.875       7082.391337
175  88.0      681296.000       7082.391337
176  88.5      692977.125       7082.391337
177  89.0      704791.000       7082.391337
178  89.5      716738.375       7082.391337
179  90.0      728820.000       7082.391337
180  90.5      741036.625       7082.391337
181  91.0      753389.000       7082.391337
182  91.5      765877.875       7082.391337
183  92.0      778504.000       7082.391337
184  92.5      791268.125       7082.391337
185  93.0      804171.000       7082.391337
186  93.5      817213.375       7082.391337
187  94.0      830396.000       7082.391337
188  94.5      843719.625       7082.391337
189  95.0      857185.000       7082.391337
190  95.5      870792.875       7082.391337
191  96.0      884544.000       7082.391337
192  96.5      898439.125       7082.391337
193  97.0      912479.000       7082.391337
194  97.5      926664.375       7082.391337
195  98.0      940996.000       7082.391337
196  98.5      955474.625       7082.391337
197  99.0      970101.000       7082.391337
198  99.5      984875.875       7082.391337
199 100.0      999800.000       7082.391337
200 100.5     1014874.125       7082.391337
201 101.0     1030099.000       7082.391337
202 101.5     1045475.375       7082.391337
203 102.0     1061004.000       7082.391337
204 102.5     1076685.625       7082.391337
205 103.0     1092521.000       7082.391337
206 103.5     1108510.875       7082.391337
207 104.0     1124656.000       7082.391337
208 104.5     1140957.125       7082.391337
209 105.0     1157415.000       7082.391337
210 105.5     1174030.375       7082.391337
211 106.0     1190804.000       7082.391337
212 106.5     1207736.625       7082.391337
213 107.0     1224829.000       7082.391337
214 107.5     1242081.875       7082.391337
215 108.0     1259496.000       7082.391337
216 108.5     1277072.125       7082.391337
217 109.0     1294811.000       7082.391337
218 109.5     1312713.375       7082.391337
219 110.0     1330780.000       7082.391337
220 110.5     1349011.625       7082.391337
221 111.0     1367409.000       7082.391337
222 111.5     1385972.875       7082.391337
223 112.0     1404704.000       7082.391337
224 112.5     1423603.125       7082.391337
225 113.0     1442671.000       7082.391337
226 113.5     1461908.375       7082.391337
227 114.0     1481316.000       7082.391337
228 114.5     1500894.625       7082.391337
229 115.0     1520645.000       7082.391337
230 115.5     1540567.875       7082.391337
231 116.0     1560664.000       7082.391337
232 116.5     1580934.125       7082.391337
233 117.0     1601379.000       7082.391337
234 117.5     1621999.375       7082.391337
235 118.0     1642796.000       7082.391337
236 118.5     1663769.625       7082.391337
237 119.0     1684921.000       7082.391337
238 119.5     1706250.875       7082.391337
239 120.0     1727760.000       7082.391337
240 120.5     1749449.125       7082.391337
241 121.0     1771319.000       7082.391337
242 121.5     1793370.375       7082.391337
243 122.0     1815604.000       7082.391337
244 122.5     1838020.625       7082.391337
245 123.0     1860621.000       7082.391337
246 123.5     1883405.875       7082.391337
247 124.0     1906376.000       7082.391337
248 124.5     1929532.125       7082.391337
249 125.0     1952875.000       7082.391337